../Core/Src/main.c:93:5:main	16	static
../Core/Src/main.c:150:6:SystemClock_Config	72	static
../Core/Src/main.c:187:13:MX_I2C1_Init	8	static
../Core/Src/main.c:221:13:MX_TIM3_Init	48	static
../Core/Src/main.c:274:13:MX_USART1_UART_Init	8	static
../Core/Src/main.c:307:13:MX_GPIO_Init	40	static
../Core/Src/main.c:373:6:motor_task	16	static
../Core/Src/main.c:388:6:lcd_task	24	static
../Core/Src/main.c:412:6:lcdbutton_task	16	static
../Core/Src/main.c:424:6:emergency_task	24	static
../Core/Src/main.c:448:6:EXTI9_5_IRQHandler	24	static,ignoring_inline_asm
../Core/Src/main.c:465:6:lcd_init	16	static
../Core/Src/main.c:482:6:lcd_write_command1	32	static
../Core/Src/main.c:496:6:lcd_write_command	32	static
../Core/Src/main.c:522:6:lcd_write_data	32	static
../Core/Src/main.c:559:6:HAL_TIM_PeriodElapsedCallback	16	static
../Core/Src/main.c:577:6:Error_Handler	4	static,ignoring_inline_asm
