Archive member included to satisfy reference by file (symbol)

C:/ST/STM32CubeIDE_1.18.1/STM32CubeIDE/plugins/com.st.stm32cube.ide.mcu.externaltools.gnu-tools-for-stm32.13.3.rel1.win32_1.0.0.202411081344/tools/bin/../lib/gcc/arm-none-eabi/13.3.1/../../../../arm-none-eabi/lib/thumb/v7-m/nofp\libc_nano.a(libc_a-exit.o)
                              C:/ST/STM32CubeIDE_1.18.1/STM32CubeIDE/plugins/com.st.stm32cube.ide.mcu.externaltools.gnu-tools-for-stm32.13.3.rel1.win32_1.0.0.202411081344/tools/bin/../lib/gcc/arm-none-eabi/13.3.1/../../../../arm-none-eabi/lib/thumb/v7-m/nofp/crt0.o (exit)
C:/ST/STM32CubeIDE_1.18.1/STM32CubeIDE/plugins/com.st.stm32cube.ide.mcu.externaltools.gnu-tools-for-stm32.13.3.rel1.win32_1.0.0.202411081344/tools/bin/../lib/gcc/arm-none-eabi/13.3.1/../../../../arm-none-eabi/lib/thumb/v7-m/nofp\libc_nano.a(libc_a-findfp.o)
                              ./freertos/tasks.o (__sf)
C:/ST/STM32CubeIDE_1.18.1/STM32CubeIDE/plugins/com.st.stm32cube.ide.mcu.externaltools.gnu-tools-for-stm32.13.3.rel1.win32_1.0.0.202411081344/tools/bin/../lib/gcc/arm-none-eabi/13.3.1/../../../../arm-none-eabi/lib/thumb/v7-m/nofp\libc_nano.a(libc_a-fwalk.o)
                              C:/ST/STM32CubeIDE_1.18.1/STM32CubeIDE/plugins/com.st.stm32cube.ide.mcu.externaltools.gnu-tools-for-stm32.13.3.rel1.win32_1.0.0.202411081344/tools/bin/../lib/gcc/arm-none-eabi/13.3.1/../../../../arm-none-eabi/lib/thumb/v7-m/nofp\libc_nano.a(libc_a-findfp.o) (_fwalk_sglue)
C:/ST/STM32CubeIDE_1.18.1/STM32CubeIDE/plugins/com.st.stm32cube.ide.mcu.externaltools.gnu-tools-for-stm32.13.3.rel1.win32_1.0.0.202411081344/tools/bin/../lib/gcc/arm-none-eabi/13.3.1/../../../../arm-none-eabi/lib/thumb/v7-m/nofp\libc_nano.a(libc_a-stdio.o)
                              C:/ST/STM32CubeIDE_1.18.1/STM32CubeIDE/plugins/com.st.stm32cube.ide.mcu.externaltools.gnu-tools-for-stm32.13.3.rel1.win32_1.0.0.202411081344/tools/bin/../lib/gcc/arm-none-eabi/13.3.1/../../../../arm-none-eabi/lib/thumb/v7-m/nofp\libc_nano.a(libc_a-findfp.o) (__sread)
C:/ST/STM32CubeIDE_1.18.1/STM32CubeIDE/plugins/com.st.stm32cube.ide.mcu.externaltools.gnu-tools-for-stm32.13.3.rel1.win32_1.0.0.202411081344/tools/bin/../lib/gcc/arm-none-eabi/13.3.1/../../../../arm-none-eabi/lib/thumb/v7-m/nofp\libc_nano.a(libc_a-memset.o)
                              C:/ST/STM32CubeIDE_1.18.1/STM32CubeIDE/plugins/com.st.stm32cube.ide.mcu.externaltools.gnu-tools-for-stm32.13.3.rel1.win32_1.0.0.202411081344/tools/bin/../lib/gcc/arm-none-eabi/13.3.1/../../../../arm-none-eabi/lib/thumb/v7-m/nofp/crt0.o (memset)
C:/ST/STM32CubeIDE_1.18.1/STM32CubeIDE/plugins/com.st.stm32cube.ide.mcu.externaltools.gnu-tools-for-stm32.13.3.rel1.win32_1.0.0.202411081344/tools/bin/../lib/gcc/arm-none-eabi/13.3.1/../../../../arm-none-eabi/lib/thumb/v7-m/nofp\libc_nano.a(libc_a-closer.o)
                              C:/ST/STM32CubeIDE_1.18.1/STM32CubeIDE/plugins/com.st.stm32cube.ide.mcu.externaltools.gnu-tools-for-stm32.13.3.rel1.win32_1.0.0.202411081344/tools/bin/../lib/gcc/arm-none-eabi/13.3.1/../../../../arm-none-eabi/lib/thumb/v7-m/nofp\libc_nano.a(libc_a-stdio.o) (_close_r)
C:/ST/STM32CubeIDE_1.18.1/STM32CubeIDE/plugins/com.st.stm32cube.ide.mcu.externaltools.gnu-tools-for-stm32.13.3.rel1.win32_1.0.0.202411081344/tools/bin/../lib/gcc/arm-none-eabi/13.3.1/../../../../arm-none-eabi/lib/thumb/v7-m/nofp\libc_nano.a(libc_a-reent.o)
                              ./freertos/tasks.o (_reclaim_reent)
C:/ST/STM32CubeIDE_1.18.1/STM32CubeIDE/plugins/com.st.stm32cube.ide.mcu.externaltools.gnu-tools-for-stm32.13.3.rel1.win32_1.0.0.202411081344/tools/bin/../lib/gcc/arm-none-eabi/13.3.1/../../../../arm-none-eabi/lib/thumb/v7-m/nofp\libc_nano.a(libc_a-impure.o)
                              ./freertos/tasks.o (_impure_ptr)
C:/ST/STM32CubeIDE_1.18.1/STM32CubeIDE/plugins/com.st.stm32cube.ide.mcu.externaltools.gnu-tools-for-stm32.13.3.rel1.win32_1.0.0.202411081344/tools/bin/../lib/gcc/arm-none-eabi/13.3.1/../../../../arm-none-eabi/lib/thumb/v7-m/nofp\libc_nano.a(libc_a-lseekr.o)
                              C:/ST/STM32CubeIDE_1.18.1/STM32CubeIDE/plugins/com.st.stm32cube.ide.mcu.externaltools.gnu-tools-for-stm32.13.3.rel1.win32_1.0.0.202411081344/tools/bin/../lib/gcc/arm-none-eabi/13.3.1/../../../../arm-none-eabi/lib/thumb/v7-m/nofp\libc_nano.a(libc_a-stdio.o) (_lseek_r)
C:/ST/STM32CubeIDE_1.18.1/STM32CubeIDE/plugins/com.st.stm32cube.ide.mcu.externaltools.gnu-tools-for-stm32.13.3.rel1.win32_1.0.0.202411081344/tools/bin/../lib/gcc/arm-none-eabi/13.3.1/../../../../arm-none-eabi/lib/thumb/v7-m/nofp\libc_nano.a(libc_a-readr.o)
                              C:/ST/STM32CubeIDE_1.18.1/STM32CubeIDE/plugins/com.st.stm32cube.ide.mcu.externaltools.gnu-tools-for-stm32.13.3.rel1.win32_1.0.0.202411081344/tools/bin/../lib/gcc/arm-none-eabi/13.3.1/../../../../arm-none-eabi/lib/thumb/v7-m/nofp\libc_nano.a(libc_a-stdio.o) (_read_r)
[...]
Memory Configuration

Name             Origin             Length             Attributes
RAM              0x20000000         0x00005000         xrw
FLASH            0x08000000         0x00010000         xr
*default*        0x00000000         0xffffffff

Linker script and memory map

LOAD C:/ST/STM32CubeIDE_1.18.1/STM32CubeIDE/plugins/com.st.stm32cube.ide.mcu.externaltools.gnu-tools-for-stm32.13.3.rel1.win32_1.0.0.202411081344/tools/bin/../lib/gcc/arm-none-eabi/13.3.1/thumb/v7-m/nofp/crti.o
LOAD C:/ST/STM32CubeIDE_1.18.1/STM32CubeIDE/plugins/com.st.stm32cube.ide.mcu.externaltools.gnu-tools-for-stm32.13.3.rel1.win32_1.0.0.202411081344/tools/bin/../lib/gcc/arm-none-eabi/13.3.1/thumb/v7-m/nofp/crtbegin.o
LOAD C:/ST/STM32CubeIDE_1.18.1/STM32CubeIDE/plugins/com.st.stm32cube.ide.mcu.externaltools.gnu-tools-for-stm32.13.3.rel1.win32_1.0.0.202411081344/tools/bin/../lib/gcc/arm-none-eabi/13.3.1/../../../../arm-none-eabi/lib/thumb/v7-m/nofp/crt0.o
LOAD ./Core/Src/main.o
LOAD ./Core/Src/stm32f1xx_hal_msp.o
LOAD ./Core/Src/stm32f1xx_hal_timebase_tim.o
LOAD ./Core/Src/stm32f1xx_it.o
LOAD ./Core/Src/syscalls.o
LOAD ./Core/Src/system_stm32f1xx.o
LOAD ./Core/Startup/startup_stm32f103c8tx.o
LOAD ./Drivers/STM32F1xx_HAL_Driver/Src/stm32f1xx_hal.o
LOAD ./Drivers/STM32F1xx_HAL_Driver/Src/stm32f1xx_hal_cortex.o
LOAD ./Drivers/STM32F1xx_HAL_Driver/Src/stm32f1xx_hal_dma.o
LOAD ./Drivers/STM32F1xx_HAL_Driver/Src/stm32f1xx_hal_exti.o
LOAD ./Drivers/STM32F1xx_HAL_Driver/Src/stm32f1xx_hal_flash.o
LOAD ./Drivers/STM32F1xx_HAL_Driver/Src/stm32f1xx_hal_flash_ex.o
LOAD ./Drivers/STM32F1xx_HAL_Driver/Src/stm32f1xx_hal_gpio.o
LOAD ./Drivers/STM32F1xx_HAL_Driver/Src/stm32f1xx_hal_gpio_ex.o
LOAD ./Drivers/STM32F1xx_HAL_Driver/Src/stm32f1xx_hal_i2c.o
LOAD ./Drivers/STM32F1xx_HAL_Driver/Src/stm32f1xx_hal_pwr.o
LOAD ./Drivers/STM32F1xx_HAL_Driver/Src/stm32f1xx_hal_rcc.o
LOAD ./Drivers/STM32F1xx_HAL_Driver/Src/stm32f1xx_hal_rcc_ex.o
LOAD ./Drivers/STM32F1xx_HAL_Driver/Src/stm32f1xx_hal_tim.o
LOAD ./Drivers/STM32F1xx_HAL_Driver/Src/stm32f1xx_hal_tim_ex.o
LOAD ./Drivers/STM32F1xx_HAL_Driver/Src/stm32f1xx_hal_uart.o
LOAD ./freertos/croutine.o
LOAD ./freertos/event_groups.o
LOAD ./freertos/list.o
LOAD ./freertos/queue.o
LOAD ./freertos/stream_buffer.o
LOAD ./freertos/tasks.o
LOAD ./freertos/timers.o
LOAD ./freertos/portable/GCC/ARM_CM3/port.o
LOAD ./freertos/portable/MemMang/heap_4.o
START GROUP
LOAD C:/ST/STM32CubeIDE_1.18.1/STM32CubeIDE/plugins/com.st.stm32cube.ide.mcu.externaltools.gnu-tools-for-stm32.13.3.rel1.win32_1.0.0.202411081344/tools/bin/../lib/gcc/arm-none-eabi/13.3.1/../../../../arm-none-eabi/lib/thumb/v7-m/nofp\libc_nano.a
LOAD C:/ST/STM32CubeIDE_1.18.1/STM32CubeIDE/plugins/com.st.stm32cube.ide.mcu.externaltools.gnu-tools-for-stm32.13.3.rel1.win32_1.0.0.202411081344/tools/bin/../lib/gcc/arm-none-eabi/13.3.1/../../../../arm-none-eabi/lib/thumb/v7-m/nofp\libm.a
END GROUP
START GROUP
LOAD C:/ST/STM32CubeIDE_1.18.1/STM32CubeIDE/plugins/com.st.stm32cube.ide.mcu.externaltools.gnu-tools-for-stm32.13.3.rel1.win32_1.0.0.202411081344/tools/bin/../lib/gcc/arm-none-eabi/13.3.1/thumb/v7-m/nofp\libgcc.a
LOAD C:/ST/STM32CubeIDE_1.18.1/STM32CubeIDE/plugins/com.st.stm32cube.ide.mcu.externaltools.gnu-tools-for-stm32.13.3.rel1.win32_1.0.0.202411081344/tools/bin/../lib/gcc/arm-none-eabi/13.3.1/../../../../arm-none-eabi/lib/thumb/v7-m/nofp\libc_nano.a
END GROUP
START GROUP
LOAD C:/ST/STM32CubeIDE_1.18.1/STM32CubeIDE/plugins/com.st.stm32cube.ide.mcu.externaltools.gnu-tools-for-stm32.13.3.rel1.win32_1.0.0.202411081344/tools/bin/../lib/gcc/arm-none-eabi/13.3.1/thumb/v7-m/nofp\libgcc.a
LOAD C:/ST/STM32CubeIDE_1.18.1/STM32CubeIDE/plugins/com.st.stm32cube.ide.mcu.externaltools.gnu-tools-for-stm32.13.3.rel1.win32_1.0.0.202411081344/tools/bin/../lib/gcc/arm-none-eabi/13.3.1/../../../../arm-none-eabi/lib/thumb/v7-m/nofp\libc_nano.a
LOAD C:/ST/STM32CubeIDE_1.18.1/STM32CubeIDE/plugins/com.st.stm32cube.ide.mcu.externaltools.gnu-tools-for-stm32.13.3.rel1.win32_1.0.0.202411081344/tools/bin/../lib/gcc/arm-none-eabi/13.3.1/../../../../arm-none-eabi/lib/thumb/v7-m/nofp\libnosys.a
END GROUP
START GROUP
LOAD C:/ST/STM32CubeIDE_1.18.1/STM32CubeIDE/plugins/com.st.stm32cube.ide.mcu.externaltools.gnu-tools-for-stm32.13.3.rel1.win32_1.0.0.202411081344/tools/bin/../lib/gcc/arm-none-eabi/13.3.1/thumb/v7-m/nofp\libgcc.a
LOAD C:/ST/STM32CubeIDE_1.18.1/STM32CubeIDE/plugins/com.st.stm32cube.ide.mcu.externaltools.gnu-tools-for-stm32.13.3.rel1.win32_1.0.0.202411081344/tools/bin/../lib/gcc/arm-none-eabi/13.3.1/../../../../arm-none-eabi/lib/thumb/v7-m/nofp\libc_nano.a
LOAD C:/ST/STM32CubeIDE_1.18.1/STM32CubeIDE/plugins/com.st.stm32cube.ide.mcu.externaltools.gnu-tools-for-stm32.13.3.rel1.win32_1.0.0.202411081344/tools/bin/../lib/gcc/arm-none-eabi/13.3.1/../../../../arm-none-eabi/lib/thumb/v7-m/nofp\libnosys.a
END GROUP
LOAD C:/ST/STM32CubeIDE_1.18.1/STM32CubeIDE/plugins/com.st.stm32cube.ide.mcu.externaltools.gnu-tools-for-stm32.13.3.rel1.win32_1.0.0.202411081344/tools/bin/../lib/gcc/arm-none-eabi/13.3.1/thumb/v7-m/nofp/crtend.o
LOAD C:/ST/STM32CubeIDE_1.18.1/STM32CubeIDE/plugins/com.st.stm32cube.ide.mcu.externaltools.gnu-tools-for-stm32.13.3.rel1.win32_1.0.0.202411081344/tools/bin/../lib/gcc/arm-none-eabi/13.3.1/thumb/v7-m/nofp/crtn.o
                0x20005000                        _estack = (ORIGIN (RAM) + LENGTH (RAM))
                0x00000200                        _Min_Heap_Size = 0x200
                0x00000400                        _Min_Stack_Size = 0x400

.isr_vector     0x08000000      0x10c
                0x08000000                        . = ALIGN (0x4)
 *(.isr_vector)
 .isr_vector    0x08000000      0x10c ./Core/Startup/startup_stm32f103c8tx.o
                0x08000000                g_pfnVectors
                0x0800010c                        . = ALIGN (0x4)

.text           0x08000110     0x4fe4
                0x08000110                        . = ALIGN (0x4)
 *(.text)
 .text          0x08000110       0x40 C:/ST/STM32CubeIDE_1.18.1/STM32CubeIDE/plugins/com.st.stm32cube.ide.mcu.externaltools.gnu-tools-for-stm32.13.3.rel1.win32_1.0.0.202411081344/tools/bin/../lib/gcc/arm-none-eabi/13.3.1/thumb/v7-m/nofp/crtbegin.o
 *(.text*)
 .text.main     0x08000150       0xa8 ./Core/Src/main.o
                0x08000150                main
 .text.SystemClock_Config
                0x080001f8       0x76 ./Core/Src/main.o
                0x080001f8                SystemClock_Config
 *fill*         0x0800026e        0x2 
 .text.MX_I2C1_Init
                0x08000270       0x5c ./Core/Src/main.o
 .text.MX_TIM3_Init
                0x080002cc       0xc8 ./Core/Src/main.o
 .text.MX_USART1_UART_Init
                0x08000394       0x54 ./Core/Src/main.o
 .text.MX_GPIO_Init
                0x080003e8      0x134 ./Core/Src/main.o
 .text.motor_task
                0x0800051c       0x70 ./Core/Src/main.o
                0x0800051c                motor_task
 .text.lcd_task
                0x0800058c       0xbc ./Core/Src/main.o
                0x0800058c                lcd_task
 .text.lcdbutton_task
                0x08000648       0x34 ./Core/Src/main.o
                0x08000648                lcdbutton_task
 .text.emergency_task
                0x0800067c       0x80 ./Core/Src/main.o
                0x0800067c                emergency_task
 .text.EXTI9_5_IRQHandler
                0x080006fc       0x48 ./Core/Src/main.o
                0x080006fc                EXTI9_5_IRQHandler
 .text.lcd_init
                0x08000744       0x60 ./Core/Src/main.o
                0x08000744                lcd_init
 .text.lcd_write_command1
                0x080007a4       0xac ./Core/Src/main.o
                0x080007a4                lcd_write_command1
 .text.lcd_write_command
                0x08000850      0x12c ./Core/Src/main.o
                0x08000850                lcd_write_command
 .text.lcd_write_data
                0x0800097c      0x12c ./Core/Src/main.o
                0x0800097c                lcd_write_data
 .text.HAL_TIM_PeriodElapsedCallback
                0x08000aa8       0x24 ./Core/Src/main.o
                0x08000aa8                HAL_TIM_PeriodElapsedCallback
 .text.Error_Handler
                0x08000acc        0xc ./Core/Src/main.o
                0x08000acc                Error_Handler
 .text.HAL_MspInit
                0x08000ad8       0x74 ./Core/Src/stm32f1xx_hal_msp.o
                0x08000ad8                HAL_MspInit
 .text.HAL_I2C_MspInit
                0x08000b4c       0x7c ./Core/Src/stm32f1xx_hal_msp.o
                0x08000b4c                HAL_I2C_MspInit
 .text.HAL_TIM_PWM_MspInit
                0x08000bc8       0x3c ./Core/Src/stm32f1xx_hal_msp.o
                0x08000bc8                HAL_TIM_PWM_MspInit
 .text.HAL_TIM_MspPostInit
                0x08000c04       0x98 ./Core/Src/stm32f1xx_hal_msp.o
                0x08000c04                HAL_TIM_MspPostInit
 .text.HAL_UART_MspInit
                0x08000c9c       0x98 ./Core/Src/stm32f1xx_hal_msp.o
                0x08000c9c                HAL_UART_MspInit
 .text.HAL_InitTick
                0x08000d34       0xe4 ./Core/Src/stm32f1xx_hal_timebase_tim.o
                0x08000d34                HAL_InitTick
 .text.NMI_Handler
                0x08000e18        0x8 ./Core/Src/stm32f1xx_it.o
                0x08000e18                NMI_Handler
 .text.HardFault_Handler
                0x08000e20        0x8 ./Core/Src/stm32f1xx_it.o
                0x08000e20                HardFault_Handler
 .text.MemManage_Handler
                0x08000e28        0x8 ./Core/Src/stm32f1xx_it.o
                0x08000e28                MemManage_Handler
 .text.BusFault_Handler
                0x08000e30        0x8 ./Core/Src/stm32f1xx_it.o
                0x08000e30                BusFault_Handler
 .text.UsageFault_Handler
                0x08000e38        0x8 ./Core/Src/stm32f1xx_it.o
                0x08000e38                UsageFault_Handler
 .text.DebugMon_Handler
                0x08000e40        0xc ./Core/Src/stm32f1xx_it.o
                0x08000e40                DebugMon_Handler
 .text.TIM1_UP_IRQHandler
                0x08000e4c       0x14 ./Core/Src/stm32f1xx_it.o
                0x08000e4c                TIM1_UP_IRQHandler
 .text.SystemInit
                0x08000e60        0xc ./Core/Src/system_stm32f1xx.o
                0x08000e60                SystemInit
 .text.Reset_Handler
                0x08000e6c       0x48 ./Core/Startup/startup_stm32f103c8tx.o
                0x08000e6c                Reset_Handler
 .text.Default_Handler
                0x08000eb4        0x2 ./Core/Startup/startup_stm32f103c8tx.o
                0x08000eb4                RTC_Alarm_IRQHandler
                0x08000eb4                EXTI2_IRQHandler
                0x08000eb4                TIM1_CC_IRQHandler
                0x08000eb4                PVD_IRQHandler
                0x08000eb4                EXTI3_IRQHandler
                0x08000eb4                EXTI0_IRQHandler
                0x08000eb4                I2C2_EV_IRQHandler
                0x08000eb4                ADC1_2_IRQHandler
                0x08000eb4                SPI1_IRQHandler
                0x08000eb4                TAMPER_IRQHandler
                0x08000eb4                DMA1_Channel4_IRQHandler
                0x08000eb4                USART3_IRQHandler
                0x08000eb4                RTC_IRQHandler
                0x08000eb4                DMA1_Channel7_IRQHandler
                0x08000eb4                CAN1_RX1_IRQHandler
                0x08000eb4                TIM4_IRQHandler
                0x08000eb4                I2C1_EV_IRQHandler
                0x08000eb4                DMA1_Channel6_IRQHandler
                0x08000eb4                TIM3_IRQHandler
                0x08000eb4                RCC_IRQHandler
                0x08000eb4                TIM1_TRG_COM_IRQHandler
                0x08000eb4                DMA1_Channel1_IRQHandler
                0x08000eb4                Default_Handler
                0x08000eb4                EXTI15_10_IRQHandler
                0x08000eb4                SPI2_IRQHandler
                0x08000eb4                DMA1_Channel5_IRQHandler
                0x08000eb4                EXTI4_IRQHandler
                0x08000eb4                USB_LP_CAN1_RX0_IRQHandler
                0x08000eb4                USB_HP_CAN1_TX_IRQHandler
                0x08000eb4                DMA1_Channel3_IRQHandler
                0x08000eb4                WWDG_IRQHandler
                0x08000eb4                TIM2_IRQHandler
                0x08000eb4                TIM1_BRK_IRQHandler
                0x08000eb4                EXTI1_IRQHandler
                0x08000eb4                USART2_IRQHandler
                0x08000eb4                I2C2_ER_IRQHandler
                0x08000eb4                DMA1_Channel2_IRQHandler
                0x08000eb4                CAN1_SCE_IRQHandler
                0x08000eb4                FLASH_IRQHandler
                0x08000eb4                USART1_IRQHandler
                0x08000eb4                I2C1_ER_IRQHandler
                0x08000eb4                USBWakeUp_IRQHandler
 *fill*         0x08000eb6        0x2 
 .text.HAL_Init
                0x08000eb8       0x2c ./Drivers/STM32F1xx_HAL_Driver/Src/stm32f1xx_hal.o
                0x08000eb8                HAL_Init
 .text.HAL_IncTick
                0x08000ee4       0x24 ./Drivers/STM32F1xx_HAL_Driver/Src/stm32f1xx_hal.o
                0x08000ee4                HAL_IncTick
 .text.HAL_GetTick
                0x08000f08       0x14 ./Drivers/STM32F1xx_HAL_Driver/Src/stm32f1xx_hal.o
                0x08000f08                HAL_GetTick
 .text.HAL_Delay
                0x08000f1c       0x48 ./Drivers/STM32F1xx_HAL_Driver/Src/stm32f1xx_hal.o
                0x08000f1c                HAL_Delay
 .text.__NVIC_SetPriorityGrouping
                0x08000f64       0x48 ./Drivers/STM32F1xx_HAL_Driver/Src/stm32f1xx_hal_cortex.o
 .text.__NVIC_GetPriorityGrouping
                0x08000fac       0x1c ./Drivers/STM32F1xx_HAL_Driver/Src/stm32f1xx_hal_cortex.o
 .text.__NVIC_EnableIRQ
                0x08000fc8       0x38 ./Drivers/STM32F1xx_HAL_Driver/Src/stm32f1xx_hal_cortex.o
 .text.__NVIC_SetPriority
                0x08001000       0x54 ./Drivers/STM32F1xx_HAL_Driver/Src/stm32f1xx_hal_cortex.o
 .text.NVIC_EncodePriority
                0x08001054       0x64 ./Drivers/STM32F1xx_HAL_Driver/Src/stm32f1xx_hal_cortex.o
 .text.HAL_NVIC_SetPriorityGrouping
                0x080010b8       0x16 ./Drivers/STM32F1xx_HAL_Driver/Src/stm32f1xx_hal_cortex.o
                0x080010b8                HAL_NVIC_SetPriorityGrouping
 .text.HAL_NVIC_SetPriority
                0x080010ce       0x38 ./Drivers/STM32F1xx_HAL_Driver/Src/stm32f1xx_hal_cortex.o
                0x080010ce                HAL_NVIC_SetPriority
 .text.HAL_NVIC_EnableIRQ
                0x08001106       0x1c ./Drivers/STM32F1xx_HAL_Driver/Src/stm32f1xx_hal_cortex.o
                0x08001106                HAL_NVIC_EnableIRQ
 *fill*         0x08001122        0x2 
 .text.HAL_GPIO_Init
                0x08001124      0x308 ./Drivers/STM32F1xx_HAL_Driver/Src/stm32f1xx_hal_gpio.o
                0x08001124                HAL_GPIO_Init
 .text.HAL_GPIO_ReadPin
                0x0800142c       0x2e ./Drivers/STM32F1xx_HAL_Driver/Src/stm32f1xx_hal_gpio.o
                0x0800142c                HAL_GPIO_ReadPin
 .text.HAL_GPIO_WritePin
                0x0800145a       0x30 ./Drivers/STM32F1xx_HAL_Driver/Src/stm32f1xx_hal_gpio.o
                0x0800145a                HAL_GPIO_WritePin
 .text.HAL_GPIO_TogglePin
                0x0800148a       0x32 ./Drivers/STM32F1xx_HAL_Driver/Src/stm32f1xx_hal_gpio.o
                0x0800148a                HAL_GPIO_TogglePin
 .text.HAL_GPIO_EXTI_IRQHandler
                0x080014bc       0x30 ./Drivers/STM32F1xx_HAL_Driver/Src/stm32f1xx_hal_gpio.o
                0x080014bc                HAL_GPIO_EXTI_IRQHandler
 .text.HAL_GPIO_EXTI_Callback
                0x080014ec       0x14 ./Drivers/STM32F1xx_HAL_Driver/Src/stm32f1xx_hal_gpio.o
                0x080014ec                HAL_GPIO_EXTI_Callback
 .text.HAL_I2C_Init
                0x08001500      0x288 ./Drivers/STM32F1xx_HAL_Driver/Src/stm32f1xx_hal_i2c.o
                0x08001500                HAL_I2C_Init
 .text.HAL_I2C_Master_Transmit
                0x08001788      0x1fc ./Drivers/STM32F1xx_HAL_Driver/Src/stm32f1xx_hal_i2c.o
                0x08001788                HAL_I2C_Master_Transmit
 .text.I2C_MasterRequestWrite
                0x08001984      0x104 ./Drivers/STM32F1xx_HAL_Driver/Src/stm32f1xx_hal_i2c.o
 .text.I2C_WaitOnFlagUntilTimeout
                0x08001a88       0xf4 ./Drivers/STM32F1xx_HAL_Driver/Src/stm32f1xx_hal_i2c.o
 .text.I2C_WaitOnMasterAddressFlagUntilTimeout
                0x08001b7c      0x140 ./Drivers/STM32F1xx_HAL_Driver/Src/stm32f1xx_hal_i2c.o
 .text.I2C_WaitOnTXEFlagUntilTimeout
                0x08001cbc       0x90 ./Drivers/STM32F1xx_HAL_Driver/Src/stm32f1xx_hal_i2c.o
 .text.I2C_WaitOnBTFFlagUntilTimeout
                0x08001d4c       0x90 ./Drivers/STM32F1xx_HAL_Driver/Src/stm32f1xx_hal_i2c.o
 .text.I2C_IsAcknowledgeFailed
                0x08001ddc       0x5c ./Drivers/STM32F1xx_HAL_Driver/Src/stm32f1xx_hal_i2c.o
 .text.HAL_RCC_OscConfig
                0x08001e38      0x504 ./Drivers/STM32F1xx_HAL_Driver/Src/stm32f1xx_hal_rcc.o
                0x08001e38                HAL_RCC_OscConfig
 .text.HAL_RCC_ClockConfig
                0x0800233c      0x1d4 ./Drivers/STM32F1xx_HAL_Driver/Src/stm32f1xx_hal_rcc.o
                0x0800233c                HAL_RCC_ClockConfig
 .text.HAL_RCC_GetSysClockFreq
                0x08002510       0xa8 ./Drivers/STM32F1xx_HAL_Driver/Src/stm32f1xx_hal_rcc.o
                0x08002510                HAL_RCC_GetSysClockFreq
 .text.HAL_RCC_GetHCLKFreq
                0x080025b8       0x14 ./Drivers/STM32F1xx_HAL_Driver/Src/stm32f1xx_hal_rcc.o
                0x080025b8                HAL_RCC_GetHCLKFreq
 .text.HAL_RCC_GetPCLK1Freq
                0x080025cc       0x28 ./Drivers/STM32F1xx_HAL_Driver/Src/stm32f1xx_hal_rcc.o
                0x080025cc                HAL_RCC_GetPCLK1Freq
 .text.HAL_RCC_GetPCLK2Freq
                0x080025f4       0x28 ./Drivers/STM32F1xx_HAL_Driver/Src/stm32f1xx_hal_rcc.o
                0x080025f4                HAL_RCC_GetPCLK2Freq
 .text.HAL_RCC_GetClockConfig
                0x0800261c       0x60 ./Drivers/STM32F1xx_HAL_Driver/Src/stm32f1xx_hal_rcc.o
                0x0800261c                HAL_RCC_GetClockConfig
 .text.RCC_Delay
                0x0800267c       0x3c ./Drivers/STM32F1xx_HAL_Driver/Src/stm32f1xx_hal_rcc.o
 .text.HAL_TIM_Base_Init
                0x080026b8       0x9e ./Drivers/STM32F1xx_HAL_Driver/Src/stm32f1xx_hal_tim.o
                0x080026b8                HAL_TIM_Base_Init
 .text.HAL_TIM_Base_MspInit
                0x08002756       0x12 ./Drivers/STM32F1xx_HAL_Driver/Src/stm32f1xx_hal_tim.o
                0x08002756                HAL_TIM_Base_MspInit
 .text.HAL_TIM_Base_Start_IT
                0x08002768       0xa4 ./Drivers/STM32F1xx_HAL_Driver/Src/stm32f1xx_hal_tim.o
                0x08002768                HAL_TIM_Base_Start_IT
 .text.HAL_TIM_PWM_Init
                0x0800280c       0x9e ./Drivers/STM32F1xx_HAL_Driver/Src/stm32f1xx_hal_tim.o
                0x0800280c                HAL_TIM_PWM_Init
 *fill*         0x080028aa        0x2 
 .text.HAL_TIM_PWM_Start
                0x080028ac      0x144 ./Drivers/STM32F1xx_HAL_Driver/Src/stm32f1xx_hal_tim.o
                0x080028ac                HAL_TIM_PWM_Start
 .text.HAL_TIM_PWM_Stop
                0x080029f0       0xc8 ./Drivers/STM32F1xx_HAL_Driver/Src/stm32f1xx_hal_tim.o
                0x080029f0                HAL_TIM_PWM_Stop
 .text.HAL_TIM_IRQHandler
                0x08002ab8      0x1e0 ./Drivers/STM32F1xx_HAL_Driver/Src/stm32f1xx_hal_tim.o
                0x08002ab8                HAL_TIM_IRQHandler
 .text.HAL_TIM_PWM_ConfigChannel
                0x08002c98      0x184 ./Drivers/STM32F1xx_HAL_Driver/Src/stm32f1xx_hal_tim.o
                0x08002c98                HAL_TIM_PWM_ConfigChannel
 .text.HAL_TIM_OC_DelayElapsedCallback
                0x08002e1c       0x12 ./Drivers/STM32F1xx_HAL_Driver/Src/stm32f1xx_hal_tim.o
                0x08002e1c                HAL_TIM_OC_DelayElapsedCallback
 .text.HAL_TIM_IC_CaptureCallback
                0x08002e2e       0x12 ./Drivers/STM32F1xx_HAL_Driver/Src/stm32f1xx_hal_tim.o
                0x08002e2e                HAL_TIM_IC_CaptureCallback
 .text.HAL_TIM_PWM_PulseFinishedCallback
                0x08002e40       0x12 ./Drivers/STM32F1xx_HAL_Driver/Src/stm32f1xx_hal_tim.o
                0x08002e40                HAL_TIM_PWM_PulseFinishedCallback
 .text.HAL_TIM_TriggerCallback
                0x08002e52       0x12 ./Drivers/STM32F1xx_HAL_Driver/Src/stm32f1xx_hal_tim.o
                0x08002e52                HAL_TIM_TriggerCallback
 .text.TIM_Base_SetConfig
                0x08002e64       0xdc ./Drivers/STM32F1xx_HAL_Driver/Src/stm32f1xx_hal_tim.o
                0x08002e64                TIM_Base_SetConfig
 .text.TIM_OC1_SetConfig
                0x08002f40       0xcc ./Drivers/STM32F1xx_HAL_Driver/Src/stm32f1xx_hal_tim.o
 .text.TIM_OC2_SetConfig
                0x0800300c       0xd4 ./Drivers/STM32F1xx_HAL_Driver/Src/stm32f1xx_hal_tim.o
                0x0800300c                TIM_OC2_SetConfig
 .text.TIM_OC3_SetConfig
                0x080030e0       0xd4 ./Drivers/STM32F1xx_HAL_Driver/Src/stm32f1xx_hal_tim.o
 .text.TIM_OC4_SetConfig
                0x080031b4       0x9c ./Drivers/STM32F1xx_HAL_Driver/Src/stm32f1xx_hal_tim.o
 .text.TIM_CCxChannelCmd
                0x08003250       0x48 ./Drivers/STM32F1xx_HAL_Driver/Src/stm32f1xx_hal_tim.o
                0x08003250                TIM_CCxChannelCmd
 .text.HAL_TIMEx_MasterConfigSynchronization
                0x08003298       0xbc ./Drivers/STM32F1xx_HAL_Driver/Src/stm32f1xx_hal_tim_ex.o
                0x08003298                HAL_TIMEx_MasterConfigSynchronization
 .text.HAL_TIMEx_CommutCallback
                0x08003354       0x12 ./Drivers/STM32F1xx_HAL_Driver/Src/stm32f1xx_hal_tim_ex.o
                0x08003354                HAL_TIMEx_CommutCallback
 .text.HAL_TIMEx_BreakCallback
                0x08003366       0x12 ./Drivers/STM32F1xx_HAL_Driver/Src/stm32f1xx_hal_tim_ex.o
                0x08003366                HAL_TIMEx_BreakCallback
 .text.HAL_UART_Init
                0x08003378       0xa0 ./Drivers/STM32F1xx_HAL_Driver/Src/stm32f1xx_hal_uart.o
                0x08003378                HAL_UART_Init
 .text.HAL_UART_Transmit
                0x08003418      0x116 ./Drivers/STM32F1xx_HAL_Driver/Src/stm32f1xx_hal_uart.o
                0x08003418                HAL_UART_Transmit
 .text.UART_WaitOnFlagUntilTimeout
                0x0800352e       0xb2 ./Drivers/STM32F1xx_HAL_Driver/Src/stm32f1xx_hal_uart.o
 .text.UART_EndRxTransfer
                0x080035e0       0xc4 ./Drivers/STM32F1xx_HAL_Driver/Src/stm32f1xx_hal_uart.o
 .text.UART_SetConfig
                0x080036a4      0x11c ./Drivers/STM32F1xx_HAL_Driver/Src/stm32f1xx_hal_uart.o
 .text.vListInitialise
                0x080037c0       0x3e ./freertos/list.o
                0x080037c0                vListInitialise
 .text.vListInitialiseItem
                0x080037fe       0x18 ./freertos/list.o
                0x080037fe                vListInitialiseItem
 .text.vListInsertEnd
                0x08003816       0x46 ./freertos/list.o
                0x08003816                vListInsertEnd
 .text.vListInsert
                0x0800385c       0x70 ./freertos/list.o
                0x0800385c                vListInsert
 .text.uxListRemove
                0x080038cc       0x52 ./freertos/list.o
                0x080038cc                uxListRemove
 .text.xTaskCreate
                0x0800391e       0x82 ./freertos/tasks.o
                0x0800391e                xTaskCreate
 .text.prvInitialiseNewTask
                0x080039a0      0x160 ./freertos/tasks.o
 .text.prvAddNewTaskToReadyList
                0x08003b00       0xd4 ./freertos/tasks.o
 .text.vTaskDelay
                0x08003bd4       0x80 ./freertos/tasks.o
                0x08003bd4                vTaskDelay
 .text.vTaskStartScheduler
                0x08003c54       0xc0 ./freertos/tasks.o
                0x08003c54                vTaskStartScheduler
 .text.vTaskSuspendAll
                0x08003d14       0x1c ./freertos/tasks.o
                0x08003d14                vTaskSuspendAll
 .text.xTaskResumeAll
                0x08003d30      0x150 ./freertos/tasks.o
                0x08003d30                xTaskResumeAll
 .text.xTaskIncrementTick
                0x08003e80      0x16c ./freertos/tasks.o
                0x08003e80                xTaskIncrementTick
 .text.vTaskSwitchContext
                0x08003fec       0xd8 ./freertos/tasks.o
                0x08003fec                vTaskSwitchContext
 .text.prvIdleTask
                0x080040c4       0x30 ./freertos/tasks.o
 .text.prvInitialiseTaskLists
                0x080040f4       0x80 ./freertos/tasks.o
 .text.prvCheckTasksWaitingTermination
                0x08004174       0x5c ./freertos/tasks.o
 .text.prvDeleteTCB
                0x080041d0       0x2a ./freertos/tasks.o
 *fill*         0x080041fa        0x2 
 .text.prvResetNextTaskUnblockTime
                0x080041fc       0x34 ./freertos/tasks.o
 .text.xTaskGenericNotifyWait
                0x08004230      0x114 ./freertos/tasks.o
                0x08004230                xTaskGenericNotifyWait
 .text.xTaskGenericNotifyFromISR
                0x08004344      0x244 ./freertos/tasks.o
                0x08004344                xTaskGenericNotifyFromISR
 .text.prvAddCurrentTaskToDelayedList
                0x08004588       0xcc ./freertos/tasks.o
 .text.pxPortInitialiseStack
                0x08004654       0x58 ./freertos/portable/GCC/ARM_CM3/port.o
                0x08004654                pxPortInitialiseStack
 .text.prvTaskExitError
                0x080046ac       0x6c ./freertos/portable/GCC/ARM_CM3/port.o
 *fill*         0x08004718        0x8 
 .text.SVC_Handler
                0x08004720       0x28 ./freertos/portable/GCC/ARM_CM3/port.o
                0x08004720                SVC_Handler
 .text.prvPortStartFirstTask
                0x08004748       0x24 ./freertos/portable/GCC/ARM_CM3/port.o
 .text.xPortStartScheduler
                0x0800476c      0x11c ./freertos/portable/GCC/ARM_CM3/port.o
                0x0800476c                xPortStartScheduler
 .text.vPortEnterCritical
                0x08004888       0x74 ./freertos/portable/GCC/ARM_CM3/port.o
                0x08004888                vPortEnterCritical
 .text.vPortExitCritical
                0x080048fc       0x64 ./freertos/portable/GCC/ARM_CM3/port.o
                0x080048fc                vPortExitCritical
 .text.PendSV_Handler
                0x08004960       0x48 ./freertos/portable/GCC/ARM_CM3/port.o
                0x08004960                PendSV_Handler
 .text.SysTick_Handler
                0x080049a8       0x44 ./freertos/portable/GCC/ARM_CM3/port.o
                0x080049a8                SysTick_Handler
 .text.vPortSetupTimerInterrupt
                0x080049ec       0x44 ./freertos/portable/GCC/ARM_CM3/port.o
                0x080049ec                vPortSetupTimerInterrupt
 .text.vPortValidateInterruptPriority
                0x08004a30       0xa0 ./freertos/portable/GCC/ARM_CM3/port.o
                0x08004a30                vPortValidateInterruptPriority
 .text.pvPortMalloc
                0x08004ad0      0x1f0 ./freertos/portable/MemMang/heap_4.o
                0x08004ad0                pvPortMalloc
 .text.vPortFree
                0x08004cc0       0xe8 ./freertos/portable/MemMang/heap_4.o
                0x08004cc0                vPortFree
 .text.prvHeapInit
                0x08004da8       0xc4 ./freertos/portable/MemMang/heap_4.o
 .text.prvInsertBlockIntoFreeList
                0x08004e6c       0xb0 ./freertos/portable/MemMang/heap_4.o
 .text.memset   0x08004f1c       0x10 C:/ST/STM32CubeIDE_1.18.1/STM32CubeIDE/plugins/com.st.stm32cube.ide.mcu.externaltools.gnu-tools-for-stm32.13.3.rel1.win32_1.0.0.202411081344/tools/bin/../lib/gcc/arm-none-eabi/13.3.1/../../../../arm-none-eabi/lib/thumb/v7-m/nofp\libc_nano.a(libc_a-memset.o)
                0x08004f1c                memset
 .text._reclaim_reent
                0x08004f2c       0xbc C:/ST/STM32CubeIDE_1.18.1/STM32CubeIDE/plugins/com.st.stm32cube.ide.mcu.externaltools.gnu-tools-for-stm32.13.3.rel1.win32_1.0.0.202411081344/tools/bin/../lib/gcc/arm-none-eabi/13.3.1/../../../../arm-none-eabi/lib/thumb/v7-m/nofp\libc_nano.a(libc_a-reent.o)
                0x08004f2c                _reclaim_reent
 .text.__libc_init_array
                0x08004fe8       0x48 C:/ST/STM32CubeIDE_1.18.1/STM32CubeIDE/plugins/com.st.stm32cube.ide.mcu.externaltools.gnu-tools-for-stm32.13.3.rel1.win32_1.0.0.202411081344/tools/bin/../lib/gcc/arm-none-eabi/13.3.1/../../../../arm-none-eabi/lib/thumb/v7-m/nofp\libc_nano.a(libc_a-init.o)
                0x08004fe8                __libc_init_array
 .text.__retarget_lock_acquire_recursive
                0x08005030        0x2 C:/ST/STM32CubeIDE_1.18.1/STM32CubeIDE/plugins/com.st.stm32cube.ide.mcu.externaltools.gnu-tools-for-stm32.13.3.rel1.win32_1.0.0.202411081344/tools/bin/../lib/gcc/arm-none-eabi/13.3.1/../../../../arm-none-eabi/lib/thumb/v7-m/nofp\libc_nano.a(libc_a-lock.o)
                0x08005030                __retarget_lock_acquire_recursive
 .text.__retarget_lock_release_recursive
                0x08005032        0x2 C:/ST/STM32CubeIDE_1.18.1/STM32CubeIDE/plugins/com.st.stm32cube.ide.mcu.externaltools.gnu-tools-for-stm32.13.3.rel1.win32_1.0.0.202411081344/tools/bin/../lib/gcc/arm-none-eabi/13.3.1/../../../../arm-none-eabi/lib/thumb/v7-m/nofp\libc_nano.a(libc_a-lock.o)
                0x08005032                __retarget_lock_release_recursive
 .text._free_r  0x08005034       0x90 C:/ST/STM32CubeIDE_1.18.1/STM32CubeIDE/plugins/com.st.stm32cube.ide.mcu.externaltools.gnu-tools-for-stm32.13.3.rel1.win32_1.0.0.202411081344/tools/bin/../lib/gcc/arm-none-eabi/13.3.1/../../../../arm-none-eabi/lib/thumb/v7-m/nofp\libc_nano.a(libc_a-freer.o)
                0x08005034                _free_r
 .text.__malloc_lock
                0x080050c4        0xc C:/ST/STM32CubeIDE_1.18.1/STM32CubeIDE/plugins/com.st.stm32cube.ide.mcu.externaltools.gnu-tools-for-stm32.13.3.rel1.win32_1.0.0.202411081344/tools/bin/../lib/gcc/arm-none-eabi/13.3.1/../../../../arm-none-eabi/lib/thumb/v7-m/nofp\libc_nano.a(libc_a-mlock.o)
                0x080050c4                __malloc_lock
 .text.__malloc_unlock
                0x080050d0        0xc C:/ST/STM32CubeIDE_1.18.1/STM32CubeIDE/plugins/com.st.stm32cube.ide.mcu.externaltools.gnu-tools-for-stm32.13.3.rel1.win32_1.0.0.202411081344/tools/bin/../lib/gcc/arm-none-eabi/13.3.1/../../../../arm-none-eabi/lib/thumb/v7-m/nofp\libc_nano.a(libc_a-mlock.o)
                0x080050d0                __malloc_unlock
 *(.glue_7)
 .glue_7        0x080050dc        0x0 linker stubs
 *(.glue_7t)
 .glue_7t       0x080050dc        0x0 linker stubs
 *(.eh_frame)
 .eh_frame      0x080050dc        0x0 C:/ST/STM32CubeIDE_1.18.1/STM32CubeIDE/plugins/com.st.stm32cube.ide.mcu.externaltools.gnu-tools-for-stm32.13.3.rel1.win32_1.0.0.202411081344/tools/bin/../lib/gcc/arm-none-eabi/13.3.1/thumb/v7-m/nofp/crtbegin.o
 *(.init)
 .init          0x080050dc        0x4 C:/ST/STM32CubeIDE_1.18.1/STM32CubeIDE/plugins/com.st.stm32cube.ide.mcu.externaltools.gnu-tools-for-stm32.13.3.rel1.win32_1.0.0.202411081344/tools/bin/../lib/gcc/arm-none-eabi/13.3.1/thumb/v7-m/nofp/crti.o
                0x080050dc                _init
 .init          0x080050e0        0x8 C:/ST/STM32CubeIDE_1.18.1/STM32CubeIDE/plugins/com.st.stm32cube.ide.mcu.externaltools.gnu-tools-for-stm32.13.3.rel1.win32_1.0.0.202411081344/tools/bin/../lib/gcc/arm-none-eabi/13.3.1/thumb/v7-m/nofp/crtn.o
 *(.fini)
 .fini          0x080050e8        0x4 C:/ST/STM32CubeIDE_1.18.1/STM32CubeIDE/plugins/com.st.stm32cube.ide.mcu.externaltools.gnu-tools-for-stm32.13.3.rel1.win32_1.0.0.202411081344/tools/bin/../lib/gcc/arm-none-eabi/13.3.1/thumb/v7-m/nofp/crti.o
                0x080050e8                _fini
 .fini          0x080050ec        0x8 C:/ST/STM32CubeIDE_1.18.1/STM32CubeIDE/plugins/com.st.stm32cube.ide.mcu.externaltools.gnu-tools-for-stm32.13.3.rel1.win32_1.0.0.202411081344/tools/bin/../lib/gcc/arm-none-eabi/13.3.1/thumb/v7-m/nofp/crtn.o
                0x080050f4                        . = ALIGN (0x4)
                0x080050f4                        _etext = .

.vfp11_veneer   0x080050f4        0x0
 .vfp11_veneer  0x080050f4        0x0 linker stubs

.v4_bx          0x080050f4        0x0
 .v4_bx         0x080050f4        0x0 linker stubs

.iplt           0x080050f4        0x0
 .iplt          0x080050f4        0x0 C:/ST/STM32CubeIDE_1.18.1/STM32CubeIDE/plugins/com.st.stm32cube.ide.mcu.externaltools.gnu-tools-for-stm32.13.3.rel1.win32_1.0.0.202411081344/tools/bin/../lib/gcc/arm-none-eabi/13.3.1/thumb/v7-m/nofp/crtbegin.o

.rodata         0x080050f4       0x84
                0x080050f4                        . = ALIGN (0x4)
 *(.rodata)
 .rodata        0x080050f4       0x22 ./Core/Src/main.o
 *fill*         0x08005116        0x2 
 .rodata        0x08005118        0xd ./freertos/tasks.o
 *fill*         0x08005125        0x3 
 .rodata        0x08005128       0x18 ./freertos/portable/GCC/ARM_CM3/port.o
 .rodata        0x08005140        0x6 ./freertos/portable/MemMang/heap_4.o
 *(.rodata*)
 *fill*         0x08005146        0x2 
 .rodata.AHBPrescTable
                0x08005148       0x10 ./Core/Src/system_stm32f1xx.o
                0x08005148                AHBPrescTable
 .rodata.APBPrescTable
                0x08005158        0x8 ./Core/Src/system_stm32f1xx.o
                0x08005158                APBPrescTable
 .rodata.aPLLMULFactorTable.1
                0x08005160       0x10 ./Drivers/STM32F1xx_HAL_Driver/Src/stm32f1xx_hal_rcc.o
 .rodata.aPredivFactorTable.0
                0x08005170        0x2 ./Drivers/STM32F1xx_HAL_Driver/Src/stm32f1xx_hal_rcc.o
 *fill*         0x08005172        0x2 
 .rodata.uxTopUsedPriority
                0x08005174        0x4 ./freertos/tasks.o
                0x08005174                uxTopUsedPriority
                0x08005178                        . = ALIGN (0x4)

.ARM.extab      0x08005178        0x0
                0x08005178                        . = ALIGN (0x4)
 *(.ARM.extab* .gnu.linkonce.armextab.*)
                0x08005178                        . = ALIGN (0x4)

.ARM            0x08005178        0x0
                0x08005178                        . = ALIGN (0x4)
                0x08005178                        __exidx_start = .
 *(.ARM.exidx*)
                0x08005178                        __exidx_end = .
                0x08005178                        . = ALIGN (0x4)

.preinit_array  0x08005178        0x0
                0x08005178                        . = ALIGN (0x4)
                0x08005178                        PROVIDE (__preinit_array_start = .)
 *(.preinit_array*)
                0x08005178                        PROVIDE (__preinit_array_end = .)
                0x08005178                        . = ALIGN (0x4)

.init_array     0x08005178        0x4
                0x08005178                        . = ALIGN (0x4)
                0x08005178                        PROVIDE (__init_array_start = .)
 *(SORT_BY_NAME(.init_array.*))
 *(.init_array*)
 .init_array    0x08005178        0x4 C:/ST/STM32CubeIDE_1.18.1/STM32CubeIDE/plugins/com.st.stm32cube.ide.mcu.externaltools.gnu-tools-for-stm32.13.3.rel1.win32_1.0.0.202411081344/tools/bin/../lib/gcc/arm-none-eabi/13.3.1/thumb/v7-m/nofp/crtbegin.o
                0x0800517c                        PROVIDE (__init_array_end = .)
                0x0800517c                        . = ALIGN (0x4)

.fini_array     0x0800517c        0x4
                0x0800517c                        . = ALIGN (0x4)
                [!provide]                        PROVIDE (__fini_array_start = .)
 *(SORT_BY_NAME(.fini_array.*))
 *(.fini_array*)
 .fini_array    0x0800517c        0x4 C:/ST/STM32CubeIDE_1.18.1/STM32CubeIDE/plugins/com.st.stm32cube.ide.mcu.externaltools.gnu-tools-for-stm32.13.3.rel1.win32_1.0.0.202411081344/tools/bin/../lib/gcc/arm-none-eabi/13.3.1/thumb/v7-m/nofp/crtbegin.o
                [!provide]                        PROVIDE (__fini_array_end = .)
                0x08005180                        . = ALIGN (0x4)
                0x08005180                        _sidata = LOADADDR (.data)

.rel.dyn        0x08005180        0x0
 .rel.iplt      0x08005180        0x0 C:/ST/STM32CubeIDE_1.18.1/STM32CubeIDE/plugins/com.st.stm32cube.ide.mcu.externaltools.gnu-tools-for-stm32.13.3.rel1.win32_1.0.0.202411081344/tools/bin/../lib/gcc/arm-none-eabi/13.3.1/thumb/v7-m/nofp/crtbegin.o

.data           0x20000000       0x8c load address 0x08005180
                0x20000000                        . = ALIGN (0x4)
                0x20000000                        _sdata = .
 *(.data)
 *(.data*)
 .data.command1
                0x20000000        0x5 ./Core/Src/main.o
                0x20000000                command1
 *fill*         0x20000005        0x3 
 .data.command  0x20000008        0x6 ./Core/Src/main.o
                0x20000008                command
 *fill*         0x2000000e        0x2 
 .data.lcd_data
                0x20000010        0xd ./Core/Src/main.o
                0x20000010                lcd_data
 *fill*         0x2000001d        0x3 
 .data.lcd_data1
                0x20000020        0xb ./Core/Src/main.o
                0x20000020                lcd_data1
 *fill*         0x2000002b        0x1 
 .data.SystemCoreClock
                0x2000002c        0x4 ./Core/Src/system_stm32f1xx.o
                0x2000002c                SystemCoreClock
 .data.uwTickPrio
                0x20000030        0x4 ./Drivers/STM32F1xx_HAL_Driver/Src/stm32f1xx_hal.o
                0x20000030                uwTickPrio
 .data.uwTickFreq
                0x20000034        0x1 ./Drivers/STM32F1xx_HAL_Driver/Src/stm32f1xx_hal.o
                0x20000034                uwTickFreq
 *fill*         0x20000035        0x3 
 .data.uxCriticalNesting
                0x20000038        0x4 ./freertos/portable/GCC/ARM_CM3/port.o
 .data._impure_ptr
                0x2000003c        0x4 C:/ST/STM32CubeIDE_1.18.1/STM32CubeIDE/plugins/com.st.stm32cube.ide.mcu.externaltools.gnu-tools-for-stm32.13.3.rel1.win32_1.0.0.202411081344/tools/bin/../lib/gcc/arm-none-eabi/13.3.1/../../../../arm-none-eabi/lib/thumb/v7-m/nofp\libc_nano.a(libc_a-impure.o)
                0x2000003c                _impure_ptr
 .data._impure_data
                0x20000040       0x4c C:/ST/STM32CubeIDE_1.18.1/STM32CubeIDE/plugins/com.st.stm32cube.ide.mcu.externaltools.gnu-tools-for-stm32.13.3.rel1.win32_1.0.0.202411081344/tools/bin/../lib/gcc/arm-none-eabi/13.3.1/../../../../arm-none-eabi/lib/thumb/v7-m/nofp\libc_nano.a(libc_a-impure.o)
                0x20000040                _impure_data
 *(.RamFunc)
 *(.RamFunc*)
                0x2000008c                        . = ALIGN (0x4)
                0x2000008c                        _edata = .

.igot.plt       0x2000008c        0x0 load address 0x0800520c
 .igot.plt      0x2000008c        0x0 C:/ST/STM32CubeIDE_1.18.1/STM32CubeIDE/plugins/com.st.stm32cube.ide.mcu.externaltools.gnu-tools-for-stm32.13.3.rel1.win32_1.0.0.202411081344/tools/bin/../lib/gcc/arm-none-eabi/13.3.1/thumb/v7-m/nofp/crtbegin.o
                0x2000008c                        . = ALIGN (0x4)

.bss            0x2000008c      0xff4 load address 0x0800520c
                0x2000008c                        _sbss = .
                0x2000008c                        __bss_start__ = _sbss
 *(.bss)
 .bss           0x2000008c       0x1c C:/ST/STM32CubeIDE_1.18.1/STM32CubeIDE/plugins/com.st.stm32cube.ide.mcu.externaltools.gnu-tools-for-stm32.13.3.rel1.win32_1.0.0.202411081344/tools/bin/../lib/gcc/arm-none-eabi/13.3.1/thumb/v7-m/nofp/crtbegin.o
 *(.bss*)
 .bss.lcd_button_flag
                0x200000a8        0x4 ./Core/Src/main.o
                0x200000a8                lcd_button_flag
 .bss.hi2c1     0x200000ac       0x54 ./Core/Src/main.o
                0x200000ac                hi2c1
 .bss.htim3     0x20000100       0x48 ./Core/Src/main.o
                0x20000100                htim3
 .bss.huart1    0x20000148       0x48 ./Core/Src/main.o
                0x20000148                huart1
 .bss.motor_handle
                0x20000190        0x4 ./Core/Src/main.o
                0x20000190                motor_handle
 .bss.lcd_handle
                0x20000194        0x4 ./Core/Src/main.o
                0x20000194                lcd_handle
 .bss.lcdbutton_handle
                0x20000198        0x4 ./Core/Src/main.o
                0x20000198                lcdbutton_handle
 .bss.emergency_handle
                0x2000019c        0x4 ./Core/Src/main.o
                0x2000019c                emergency_handle
 .bss.htim1     0x200001a0       0x48 ./Core/Src/stm32f1xx_hal_timebase_tim.o
                0x200001a0                htim1
 .bss.uwTick    0x200001e8        0x4 ./Drivers/STM32F1xx_HAL_Driver/Src/stm32f1xx_hal.o
                0x200001e8                uwTick
 .bss.pxCurrentTCB
                0x200001ec        0x4 ./freertos/tasks.o
                0x200001ec                pxCurrentTCB
 .bss.pxReadyTasksLists
                0x200001f0       0x8c ./freertos/tasks.o
 .bss.xDelayedTaskList1
                0x2000027c       0x14 ./freertos/tasks.o
 .bss.xDelayedTaskList2
                0x20000290       0x14 ./freertos/tasks.o
 .bss.pxDelayedTaskList
                0x200002a4        0x4 ./freertos/tasks.o
 .bss.pxOverflowDelayedTaskList
                0x200002a8        0x4 ./freertos/tasks.o
 .bss.xPendingReadyList
                0x200002ac       0x14 ./freertos/tasks.o
 .bss.xTasksWaitingTermination
                0x200002c0       0x14 ./freertos/tasks.o
 .bss.uxDeletedTasksWaitingCleanUp
                0x200002d4        0x4 ./freertos/tasks.o
 .bss.xSuspendedTaskList
                0x200002d8       0x14 ./freertos/tasks.o
 .bss.uxCurrentNumberOfTasks
                0x200002ec        0x4 ./freertos/tasks.o
 .bss.xTickCount
                0x200002f0        0x4 ./freertos/tasks.o
 .bss.uxTopReadyPriority
                0x200002f4        0x4 ./freertos/tasks.o
 .bss.xSchedulerRunning
                0x200002f8        0x4 ./freertos/tasks.o
 .bss.xPendedTicks
                0x200002fc        0x4 ./freertos/tasks.o
 .bss.xYieldPending
                0x20000300        0x4 ./freertos/tasks.o
 .bss.xNumOfOverflows
                0x20000304        0x4 ./freertos/tasks.o
 .bss.uxTaskNumber
                0x20000308        0x4 ./freertos/tasks.o
 .bss.xNextTaskUnblockTime
                0x2000030c        0x4 ./freertos/tasks.o
 .bss.xIdleTaskHandle
                0x20000310        0x4 ./freertos/tasks.o
 .bss.uxSchedulerSuspended
                0x20000314        0x4 ./freertos/tasks.o
 .bss.ucMaxSysCallPriority
                0x20000318        0x1 ./freertos/portable/GCC/ARM_CM3/port.o
 *fill*         0x20000319        0x3 
 .bss.ulMaxPRIGROUPValue
                0x2000031c        0x4 ./freertos/portable/GCC/ARM_CM3/port.o
 .bss.ucHeap    0x20000320      0xc00 ./freertos/portable/MemMang/heap_4.o
 .bss.xStart    0x20000f20        0x8 ./freertos/portable/MemMang/heap_4.o
 .bss.pxEnd     0x20000f28        0x4 ./freertos/portable/MemMang/heap_4.o
 .bss.xFreeBytesRemaining
                0x20000f2c        0x4 ./freertos/portable/MemMang/heap_4.o
 .bss.xMinimumEverFreeBytesRemaining
                0x20000f30        0x4 ./freertos/portable/MemMang/heap_4.o
 .bss.xNumberOfSuccessfulAllocations
                0x20000f34        0x4 ./freertos/portable/MemMang/heap_4.o
 .bss.xNumberOfSuccessfulFrees
                0x20000f38        0x4 ./freertos/portable/MemMang/heap_4.o
 .bss.xBlockAllocatedBit
                0x20000f3c        0x4 ./freertos/portable/MemMang/heap_4.o
 .bss.__sf      0x20000f40      0x138 C:/ST/STM32CubeIDE_1.18.1/STM32CubeIDE/plugins/com.st.stm32cube.ide.mcu.externaltools.gnu-tools-for-stm32.13.3.rel1.win32_1.0.0.202411081344/tools/bin/../lib/gcc/arm-none-eabi/13.3.1/../../../../arm-none-eabi/lib/thumb/v7-m/nofp\libc_nano.a(libc_a-findfp.o)
                0x20000f40                __sf
 .bss.__lock___malloc_recursive_mutex
                0x20001078        0x1 C:/ST/STM32CubeIDE_1.18.1/STM32CubeIDE/plugins/com.st.stm32cube.ide.mcu.externaltools.gnu-tools-for-stm32.13.3.rel1.win32_1.0.0.202411081344/tools/bin/../lib/gcc/arm-none-eabi/13.3.1/../../../../arm-none-eabi/lib/thumb/v7-m/nofp\libc_nano.a(libc_a-lock.o)
                0x20001078                __lock___malloc_recursive_mutex
 *fill*         0x20001079        0x3 
 .bss.__malloc_free_list
                0x2000107c        0x4 C:/ST/STM32CubeIDE_1.18.1/STM32CubeIDE/plugins/com.st.stm32cube.ide.mcu.externaltools.gnu-tools-for-stm32.13.3.rel1.win32_1.0.0.202411081344/tools/bin/../lib/gcc/arm-none-eabi/13.3.1/../../../../arm-none-eabi/lib/thumb/v7-m/nofp\libc_nano.a(libc_a-mallocr.o)
                0x2000107c                __malloc_free_list
 *(COMMON)
                0x20001080                        . = ALIGN (0x4)
                0x20001080                        _ebss = .
                0x20001080                        __bss_end__ = _ebss

._user_heap_stack
                0x20001080      0x600 load address 0x0800520c
                0x20001080                        . = ALIGN (0x8)
                0x20001080                        PROVIDE (end = .)
                [!provide]                        PROVIDE (_end = .)
                0x20001280                        . = (. + _Min_Heap_Size)
 *fill*         0x20001080      0x200 
                0x20001680                        . = (. + _Min_Stack_Size)
 *fill*         0x20001280      0x400 
                0x20001680                        . = ALIGN (0x8)

/DISCARD/
 libc.a(*)
 libm.a(*)
 libgcc.a(*)

.ARM.attributes
                0x00000000       0x29
 *(.ARM.attributes)
 .ARM.attributes
                0x00000000       0x1d C:/ST/STM32CubeIDE_1.18.1/STM32CubeIDE/plugins/com.st.stm32cube.ide.mcu.externaltools.gnu-tools-for-stm32.13.3.rel1.win32_1.0.0.202411081344/tools/bin/../lib/gcc/arm-none-eabi/13.3.1/thumb/v7-m/nofp/crti.o
 .ARM.attributes
                0x0000001d       0x2d C:/ST/STM32CubeIDE_1.18.1/STM32CubeIDE/plugins/com.st.stm32cube.ide.mcu.externaltools.gnu-tools-for-stm32.13.3.rel1.win32_1.0.0.202411081344/tools/bin/../lib/gcc/arm-none-eabi/13.3.1/thumb/v7-m/nofp/crtbegin.o
 .ARM.attributes
                0x0000004a       0x2d ./Core/Src/main.o
 .ARM.attributes
                0x00000077       0x2d ./Core/Src/stm32f1xx_hal_msp.o
 .ARM.attributes
                0x000000a4       0x2d ./Core/Src/stm32f1xx_hal_timebase_tim.o
 .ARM.attributes
                0x000000d1       0x2d ./Core/Src/stm32f1xx_it.o
 .ARM.attributes
                0x000000fe       0x2d ./Core/Src/system_stm32f1xx.o
 .ARM.attributes
                0x0000012b       0x21 ./Core/Startup/startup_stm32f103c8tx.o
 .ARM.attributes
                0x0000014c       0x2d ./Drivers/STM32F1xx_HAL_Driver/Src/stm32f1xx_hal.o
 .ARM.attributes
                0x00000179       0x2d ./Drivers/STM32F1xx_HAL_Driver/Src/stm32f1xx_hal_cortex.o
 .ARM.attributes
                0x000001a6       0x2d ./Drivers/STM32F1xx_HAL_Driver/Src/stm32f1xx_hal_gpio.o
 .ARM.attributes
                0x000001d3       0x2d ./Drivers/STM32F1xx_HAL_Driver/Src/stm32f1xx_hal_i2c.o
 .ARM.attributes
                0x00000200       0x2d ./Drivers/STM32F1xx_HAL_Driver/Src/stm32f1xx_hal_rcc.o
 .ARM.attributes
                0x0000022d       0x2d ./Drivers/STM32F1xx_HAL_Driver/Src/stm32f1xx_hal_tim.o
 .ARM.attributes
                0x0000025a       0x2d ./Drivers/STM32F1xx_HAL_Driver/Src/stm32f1xx_hal_tim_ex.o
 .ARM.attributes
                0x00000287       0x2d ./Drivers/STM32F1xx_HAL_Driver/Src/stm32f1xx_hal_uart.o
 .ARM.attributes
                0x000002b4       0x2d ./freertos/list.o
 .ARM.attributes
                0x000002e1       0x2d ./freertos/tasks.o
 .ARM.attributes
                0x0000030e       0x2d ./freertos/portable/GCC/ARM_CM3/port.o
 .ARM.attributes
                0x0000033b       0x2d ./freertos/portable/MemMang/heap_4.o
 .ARM.attributes
                0x00000368       0x2d C:/ST/STM32CubeIDE_1.18.1/STM32CubeIDE/plugins/com.st.stm32cube.ide.mcu.externaltools.gnu-tools-for-stm32.13.3.rel1.win32_1.0.0.202411081344/tools/bin/../lib/gcc/arm-none-eabi/13.3.1/../../../../arm-none-eabi/lib/thumb/v7-m/nofp\libc_nano.a(libc_a-findfp.o)
 .ARM.attributes
                0x00000395       0x2d C:/ST/STM32CubeIDE_1.18.1/STM32CubeIDE/plugins/com.st.stm32cube.ide.mcu.externaltools.gnu-tools-for-stm32.13.3.rel1.win32_1.0.0.202411081344/tools/bin/../lib/gcc/arm-none-eabi/13.3.1/../../../../arm-none-eabi/lib/thumb/v7-m/nofp\libc_nano.a(libc_a-memset.o)
 .ARM.attributes
                0x000003c2       0x2d C:/ST/STM32CubeIDE_1.18.1/STM32CubeIDE/plugins/com.st.stm32cube.ide.mcu.externaltools.gnu-tools-for-stm32.13.3.rel1.win32_1.0.0.202411081344/tools/bin/../lib/gcc/arm-none-eabi/13.3.1/../../../../arm-none-eabi/lib/thumb/v7-m/nofp\libc_nano.a(libc_a-reent.o)
 .ARM.attributes
                0x000003ef       0x2d C:/ST/STM32CubeIDE_1.18.1/STM32CubeIDE/plugins/com.st.stm32cube.ide.mcu.externaltools.gnu-tools-for-stm32.13.3.rel1.win32_1.0.0.202411081344/tools/bin/../lib/gcc/arm-none-eabi/13.3.1/../../../../arm-none-eabi/lib/thumb/v7-m/nofp\libc_nano.a(libc_a-impure.o)
 .ARM.attributes
                0x0000041c       0x2d C:/ST/STM32CubeIDE_1.18.1/STM32CubeIDE/plugins/com.st.stm32cube.ide.mcu.externaltools.gnu-tools-for-stm32.13.3.rel1.win32_1.0.0.202411081344/tools/bin/../lib/gcc/arm-none-eabi/13.3.1/../../../../arm-none-eabi/lib/thumb/v7-m/nofp\libc_nano.a(libc_a-init.o)
 .ARM.attributes
                0x00000449       0x2d C:/ST/STM32CubeIDE_1.18.1/STM32CubeIDE/plugins/com.st.stm32cube.ide.mcu.externaltools.gnu-tools-for-stm32.13.3.rel1.win32_1.0.0.202411081344/tools/bin/../lib/gcc/arm-none-eabi/13.3.1/../../../../arm-none-eabi/lib/thumb/v7-m/nofp\libc_nano.a(libc_a-lock.o)
 .ARM.attributes
                0x00000476       0x2d C:/ST/STM32CubeIDE_1.18.1/STM32CubeIDE/plugins/com.st.stm32cube.ide.mcu.externaltools.gnu-tools-for-stm32.13.3.rel1.win32_1.0.0.202411081344/tools/bin/../lib/gcc/arm-none-eabi/13.3.1/../../../../arm-none-eabi/lib/thumb/v7-m/nofp\libc_nano.a(libc_a-freer.o)
 .ARM.attributes
                0x000004a3       0x2d C:/ST/STM32CubeIDE_1.18.1/STM32CubeIDE/plugins/com.st.stm32cube.ide.mcu.externaltools.gnu-tools-for-stm32.13.3.rel1.win32_1.0.0.202411081344/tools/bin/../lib/gcc/arm-none-eabi/13.3.1/../../../../arm-none-eabi/lib/thumb/v7-m/nofp\libc_nano.a(libc_a-mallocr.o)
 .ARM.attributes
                0x000004d0       0x2d C:/ST/STM32CubeIDE_1.18.1/STM32CubeIDE/plugins/com.st.stm32cube.ide.mcu.externaltools.gnu-tools-for-stm32.13.3.rel1.win32_1.0.0.202411081344/tools/bin/../lib/gcc/arm-none-eabi/13.3.1/../../../../arm-none-eabi/lib/thumb/v7-m/nofp\libc_nano.a(libc_a-mlock.o)
 .ARM.attributes
                0x000004fd       0x1d C:/ST/STM32CubeIDE_1.18.1/STM32CubeIDE/plugins/com.st.stm32cube.ide.mcu.externaltools.gnu-tools-for-stm32.13.3.rel1.win32_1.0.0.202411081344/tools/bin/../lib/gcc/arm-none-eabi/13.3.1/thumb/v7-m/nofp/crtn.o
OUTPUT(fourwheelbot.elf elf32-littlearm)
LOAD linker stubs
LOAD C:/ST/STM32CubeIDE_1.18.1/STM32CubeIDE/plugins/com.st.stm32cube.ide.mcu.externaltools.gnu-tools-for-stm32.13.3.rel1.win32_1.0.0.202411081344/tools/bin/../lib/gcc/arm-none-eabi/13.3.1/../../../../arm-none-eabi/lib/thumb/v7-m/nofp\libc.a
LOAD C:/ST/STM32CubeIDE_1.18.1/STM32CubeIDE/plugins/com.st.stm32cube.ide.mcu.externaltools.gnu-tools-for-stm32.13.3.rel1.win32_1.0.0.202411081344/tools/bin/../lib/gcc/arm-none-eabi/13.3.1/../../../../arm-none-eabi/lib/thumb/v7-m/nofp\libm.a
LOAD C:/ST/STM32CubeIDE_1.18.1/STM32CubeIDE/plugins/com.st.stm32cube.ide.mcu.externaltools.gnu-tools-for-stm32.13.3.rel1.win32_1.0.0.202411081344/tools/bin/../lib/gcc/arm-none-eabi/13.3.1/thumb/v7-m/nofp\libgcc.a

.debug_info     0x00000000    0x129c7
 .debug_info    0x00000000     0x1846 ./Core/Src/main.o
 .debug_info    0x00001846     0x10a5 ./Core/Src/stm32f1xx_hal_msp.o
 .debug_info    0x000028eb      0x99a ./Core/Src/stm32f1xx_hal_timebase_tim.o
 .debug_info    0x00003285      0x66a ./Core/Src/stm32f1xx_it.o
 .debug_info    0x000038ef      0x222 ./Core/Src/system_stm32f1xx.o
 .debug_info    0x00003b11       0x30 ./Core/Startup/startup_stm32f103c8tx.o
 .debug_info    0x00003b41      0x704 ./Drivers/STM32F1xx_HAL_Driver/Src/stm32f1xx_hal.o
 .debug_info    0x00004245      0xa87 ./Drivers/STM32F1xx_HAL_Driver/Src/stm32f1xx_hal_cortex.o
 .debug_info    0x00004ccc      0x5ab ./Drivers/STM32F1xx_HAL_Driver/Src/stm32f1xx_hal_gpio.o
 .debug_info    0x00005277     0x2524 ./Drivers/STM32F1xx_HAL_Driver/Src/stm32f1xx_hal_i2c.o
 .debug_info    0x0000779b      0x7d5 ./Drivers/STM32F1xx_HAL_Driver/Src/stm32f1xx_hal_rcc.o
 .debug_info    0x00007f70     0x2959 ./Drivers/STM32F1xx_HAL_Driver/Src/stm32f1xx_hal_tim.o
 .debug_info    0x0000a8c9     0x149b ./Drivers/STM32F1xx_HAL_Driver/Src/stm32f1xx_hal_tim_ex.o
 .debug_info    0x0000bd64     0x2eed ./Drivers/STM32F1xx_HAL_Driver/Src/stm32f1xx_hal_uart.o
 .debug_info    0x0000ec51      0x2af ./freertos/list.o
 .debug_info    0x0000ef00     0x27d0 ./freertos/tasks.o
 .debug_info    0x000116d0      0x94e ./freertos/portable/GCC/ARM_CM3/port.o
 .debug_info    0x0001201e      0x9a9 ./freertos/portable/MemMang/heap_4.o

.debug_abbrev   0x00000000     0x2902
 .debug_abbrev  0x00000000      0x34e ./Core/Src/main.o
 .debug_abbrev  0x0000034e      0x226 ./Core/Src/stm32f1xx_hal_msp.o
 .debug_abbrev  0x00000574      0x1f3 ./Core/Src/stm32f1xx_hal_timebase_tim.o
 .debug_abbrev  0x00000767      0x17c ./Core/Src/stm32f1xx_it.o
 .debug_abbrev  0x000008e3      0x13f ./Core/Src/system_stm32f1xx.o
 .debug_abbrev  0x00000a22       0x24 ./Core/Startup/startup_stm32f103c8tx.o
 .debug_abbrev  0x00000a46      0x201 ./Drivers/STM32F1xx_HAL_Driver/Src/stm32f1xx_hal.o
 .debug_abbrev  0x00000c47      0x2f8 ./Drivers/STM32F1xx_HAL_Driver/Src/stm32f1xx_hal_cortex.o
 .debug_abbrev  0x00000f3f      0x1ca ./Drivers/STM32F1xx_HAL_Driver/Src/stm32f1xx_hal_gpio.o
 .debug_abbrev  0x00001109      0x2a3 ./Drivers/STM32F1xx_HAL_Driver/Src/stm32f1xx_hal_i2c.o
 .debug_abbrev  0x000013ac      0x2b3 ./Drivers/STM32F1xx_HAL_Driver/Src/stm32f1xx_hal_rcc.o
 .debug_abbrev  0x0000165f      0x277 ./Drivers/STM32F1xx_HAL_Driver/Src/stm32f1xx_hal_tim.o
 .debug_abbrev  0x000018d6      0x282 ./Drivers/STM32F1xx_HAL_Driver/Src/stm32f1xx_hal_tim_ex.o
 .debug_abbrev  0x00001b58      0x2f8 ./Drivers/STM32F1xx_HAL_Driver/Src/stm32f1xx_hal_uart.o
 .debug_abbrev  0x00001e50       0xf5 ./freertos/list.o
 .debug_abbrev  0x00001f45      0x3f9 ./freertos/tasks.o
 .debug_abbrev  0x0000233e      0x2ed ./freertos/portable/GCC/ARM_CM3/port.o
 .debug_abbrev  0x0000262b      0x2d7 ./freertos/portable/MemMang/heap_4.o

.debug_aranges  0x00000000     0x1140
 .debug_aranges
                0x00000000       0xa0 ./Core/Src/main.o
 .debug_aranges
                0x000000a0       0x58 ./Core/Src/stm32f1xx_hal_msp.o
 .debug_aranges
                0x000000f8       0x30 ./Core/Src/stm32f1xx_hal_timebase_tim.o
 .debug_aranges
                0x00000128       0x50 ./Core/Src/stm32f1xx_it.o
 .debug_aranges
                0x00000178       0x28 ./Core/Src/system_stm32f1xx.o
 .debug_aranges
                0x000001a0       0x28 ./Core/Startup/startup_stm32f103c8tx.o
 .debug_aranges
                0x000001c8       0xe0 ./Drivers/STM32F1xx_HAL_Driver/Src/stm32f1xx_hal.o
 .debug_aranges
                0x000002a8      0x100 ./Drivers/STM32F1xx_HAL_Driver/Src/stm32f1xx_hal_cortex.o
 .debug_aranges
                0x000003a8       0x58 ./Drivers/STM32F1xx_HAL_Driver/Src/stm32f1xx_hal_gpio.o
 .debug_aranges
                0x00000400      0x2a8 ./Drivers/STM32F1xx_HAL_Driver/Src/stm32f1xx_hal_i2c.o
 .debug_aranges
                0x000006a8       0x90 ./Drivers/STM32F1xx_HAL_Driver/Src/stm32f1xx_hal_rcc.o
 .debug_aranges
                0x00000738      0x3d0 ./Drivers/STM32F1xx_HAL_Driver/Src/stm32f1xx_hal_tim.o
 .debug_aranges
                0x00000b08      0x168 ./Drivers/STM32F1xx_HAL_Driver/Src/stm32f1xx_hal_tim_ex.o
 .debug_aranges
                0x00000c70      0x208 ./Drivers/STM32F1xx_HAL_Driver/Src/stm32f1xx_hal_uart.o
 .debug_aranges
                0x00000e78       0x40 ./freertos/list.o
 .debug_aranges
                0x00000eb8      0x1b8 ./freertos/tasks.o
 .debug_aranges
                0x00001070       0x78 ./freertos/portable/GCC/ARM_CM3/port.o
 .debug_aranges
                0x000010e8       0x58 ./freertos/portable/MemMang/heap_4.o

.debug_rnglists
                0x00000000      0xdaa
 .debug_rnglists
                0x00000000       0x7b ./Core/Src/main.o
 .debug_rnglists
                0x0000007b       0x3f ./Core/Src/stm32f1xx_hal_msp.o
 .debug_rnglists
                0x000000ba       0x20 ./Core/Src/stm32f1xx_hal_timebase_tim.o
 .debug_rnglists
                0x000000da       0x37 ./Core/Src/stm32f1xx_it.o
 .debug_rnglists
                0x00000111       0x1a ./Core/Src/system_stm32f1xx.o
 .debug_rnglists
                0x0000012b       0x19 ./Core/Startup/startup_stm32f103c8tx.o
 .debug_rnglists
                0x00000144       0xa3 ./Drivers/STM32F1xx_HAL_Driver/Src/stm32f1xx_hal.o
 .debug_rnglists
                0x000001e7       0xbb ./Drivers/STM32F1xx_HAL_Driver/Src/stm32f1xx_hal_cortex.o
 .debug_rnglists
                0x000002a2       0x3f ./Drivers/STM32F1xx_HAL_Driver/Src/stm32f1xx_hal_gpio.o
 .debug_rnglists
                0x000002e1      0x23c ./Drivers/STM32F1xx_HAL_Driver/Src/stm32f1xx_hal_i2c.o
 .debug_rnglists
                0x0000051d       0x6c ./Drivers/STM32F1xx_HAL_Driver/Src/stm32f1xx_hal_rcc.o
 .debug_rnglists
                0x00000589      0x31a ./Drivers/STM32F1xx_HAL_Driver/Src/stm32f1xx_hal_tim.o
 .debug_rnglists
                0x000008a3      0x125 ./Drivers/STM32F1xx_HAL_Driver/Src/stm32f1xx_hal_tim_ex.o
 .debug_rnglists
                0x000009c8      0x1bc ./Drivers/STM32F1xx_HAL_Driver/Src/stm32f1xx_hal_uart.o
 .debug_rnglists
                0x00000b84       0x2b ./freertos/list.o
 .debug_rnglists
                0x00000baf      0x162 ./freertos/tasks.o
 .debug_rnglists
                0x00000d11       0x57 ./freertos/portable/GCC/ARM_CM3/port.o
 .debug_rnglists
                0x00000d68       0x42 ./freertos/portable/MemMang/heap_4.o

.debug_macro    0x00000000    0x19290
 .debug_macro   0x00000000      0x2da ./Core/Src/main.o
 .debug_macro   0x000002da      0xacc ./Core/Src/main.o
 .debug_macro   0x00000da6      0x221 ./Core/Src/main.o
 .debug_macro   0x00000fc7       0x2e ./Core/Src/main.o
 .debug_macro   0x00000ff5       0x22 ./Core/Src/main.o
 .debug_macro   0x00001017       0x22 ./Core/Src/main.o
 .debug_macro   0x00001039       0x8e ./Core/Src/main.o
 .debug_macro   0x000010c7       0x51 ./Core/Src/main.o
 .debug_macro   0x00001118      0x103 ./Core/Src/main.o
 .debug_macro   0x0000121b       0x6a ./Core/Src/main.o
 .debug_macro   0x00001285      0x1df ./Core/Src/main.o
 .debug_macro   0x00001464       0x1c ./Core/Src/main.o
 .debug_macro   0x00001480       0x22 ./Core/Src/main.o
 .debug_macro   0x000014a2       0xbd ./Core/Src/main.o
 .debug_macro   0x0000155f      0xd23 ./Core/Src/main.o
 .debug_macro   0x00002282     0xe09e ./Core/Src/main.o
 .debug_macro   0x00010320       0x6d ./Core/Src/main.o
 .debug_macro   0x0001038d     0x34a2 ./Core/Src/main.o
 .debug_macro   0x0001382f      0x190 ./Core/Src/main.o
 .debug_macro   0x000139bf       0x5c ./Core/Src/main.o
 .debug_macro   0x00013a1b      0x5bc ./Core/Src/main.o
 .debug_macro   0x00013fd7      0x289 ./Core/Src/main.o
 .debug_macro   0x00014260      0x1cb ./Core/Src/main.o
 .debug_macro   0x0001442b      0x114 ./Core/Src/main.o
 .debug_macro   0x0001453f      0x1b2 ./Core/Src/main.o
 .debug_macro   0x000146f1       0x27 ./Core/Src/main.o
 .debug_macro   0x00014718      0x136 ./Core/Src/main.o
 .debug_macro   0x0001484e      0x1bc ./Core/Src/main.o
 .debug_macro   0x00014a0a       0x34 ./Core/Src/main.o
 .debug_macro   0x00014a3e       0x3c ./Core/Src/main.o
 .debug_macro   0x00014a7a       0x57 ./Core/Src/main.o
 .debug_macro   0x00014ad1       0x87 ./Core/Src/main.o
 .debug_macro   0x00014b58      0x240 ./Core/Src/main.o
 .debug_macro   0x00014d98      0x287 ./Core/Src/main.o
 .debug_macro   0x0001501f      0x140 ./Core/Src/main.o
 .debug_macro   0x0001515f      0x8ed ./Core/Src/main.o
 .debug_macro   0x00015a4c      0x28e ./Core/Src/main.o
 .debug_macro   0x00015cda       0x83 ./Core/Src/main.o
 .debug_macro   0x00015d5d       0x58 ./Core/Src/main.o
 .debug_macro   0x00015db5       0xf7 ./Core/Src/main.o
 .debug_macro   0x00015eac      0x15a ./Core/Src/main.o
 .debug_macro   0x00016006       0xe4 ./Core/Src/main.o
 .debug_macro   0x000160ea       0x1c ./Core/Src/main.o
 .debug_macro   0x00016106       0x26 ./Core/Src/main.o
 .debug_macro   0x0001612c       0x61 ./Core/Src/main.o
 .debug_macro   0x0001618d       0x24 ./Core/Src/main.o
 .debug_macro   0x000161b1       0x43 ./Core/Src/main.o
 .debug_macro   0x000161f4       0x34 ./Core/Src/main.o
 .debug_macro   0x00016228      0x370 ./Core/Src/main.o
 .debug_macro   0x00016598       0x16 ./Core/Src/main.o
 .debug_macro   0x000165ae       0x4a ./Core/Src/main.o
 .debug_macro   0x000165f8       0x34 ./Core/Src/main.o
 .debug_macro   0x0001662c       0x10 ./Core/Src/main.o
 .debug_macro   0x0001663c       0x58 ./Core/Src/main.o
 .debug_macro   0x00016694       0x8e ./Core/Src/main.o
 .debug_macro   0x00016722       0x1c ./Core/Src/main.o
 .debug_macro   0x0001673e      0x185 ./Core/Src/main.o
 .debug_macro   0x000168c3       0x10 ./Core/Src/main.o
 .debug_macro   0x000168d3       0x3c ./Core/Src/main.o
 .debug_macro   0x0001690f      0x505 ./Core/Src/main.o
 .debug_macro   0x00016e14       0xb5 ./Core/Src/main.o
 .debug_macro   0x00016ec9      0x120 ./Core/Src/main.o
 .debug_macro   0x00016fe9      0x1bc ./Core/Src/stm32f1xx_hal_msp.o
 .debug_macro   0x000171a5      0x1ad ./Core/Src/stm32f1xx_hal_timebase_tim.o
 .debug_macro   0x00017352      0x1c6 ./Core/Src/stm32f1xx_it.o
 .debug_macro   0x00017518      0x1ad ./Core/Src/system_stm32f1xx.o
 .debug_macro   0x000176c5      0x1d1 ./Drivers/STM32F1xx_HAL_Driver/Src/stm32f1xx_hal.o
 .debug_macro   0x00017896      0x1ad ./Drivers/STM32F1xx_HAL_Driver/Src/stm32f1xx_hal_cortex.o
 .debug_macro   0x00017a43      0x218 ./Drivers/STM32F1xx_HAL_Driver/Src/stm32f1xx_hal_gpio.o
 .debug_macro   0x00017c5b      0x1fb ./Drivers/STM32F1xx_HAL_Driver/Src/stm32f1xx_hal_i2c.o
 .debug_macro   0x00017e56      0x1bf ./Drivers/STM32F1xx_HAL_Driver/Src/stm32f1xx_hal_rcc.o
 .debug_macro   0x00018015      0x1ae ./Drivers/STM32F1xx_HAL_Driver/Src/stm32f1xx_hal_tim.o
 .debug_macro   0x000181c3      0x1ad ./Drivers/STM32F1xx_HAL_Driver/Src/stm32f1xx_hal_tim_ex.o
 .debug_macro   0x00018370      0x1ae ./Drivers/STM32F1xx_HAL_Driver/Src/stm32f1xx_hal_uart.o
 .debug_macro   0x0001851e      0x2f9 ./freertos/list.o
 .debug_macro   0x00018817      0x3df ./freertos/tasks.o
 .debug_macro   0x00018bf6       0x10 ./freertos/tasks.o
 .debug_macro   0x00018c06      0x376 ./freertos/portable/GCC/ARM_CM3/port.o
 .debug_macro   0x00018f7c      0x314 ./freertos/portable/MemMang/heap_4.o

.debug_line     0x00000000    0x1479a
 .debug_line    0x00000000      0xd46 ./Core/Src/main.o
 .debug_line    0x00000d46      0x824 ./Core/Src/stm32f1xx_hal_msp.o
 .debug_line    0x0000156a      0x780 ./Core/Src/stm32f1xx_hal_timebase_tim.o
 .debug_line    0x00001cea      0x79c ./Core/Src/stm32f1xx_it.o
 .debug_line    0x00002486      0x792 ./Core/Src/system_stm32f1xx.o
 .debug_line    0x00002c18       0x78 ./Core/Startup/startup_stm32f103c8tx.o
 .debug_line    0x00002c90      0x9c3 ./Drivers/STM32F1xx_HAL_Driver/Src/stm32f1xx_hal.o
 .debug_line    0x00003653      0xb8d ./Drivers/STM32F1xx_HAL_Driver/Src/stm32f1xx_hal_cortex.o
 .debug_line    0x000041e0      0xa20 ./Drivers/STM32F1xx_HAL_Driver/Src/stm32f1xx_hal_gpio.o
 .debug_line    0x00004c00     0x3bc0 ./Drivers/STM32F1xx_HAL_Driver/Src/stm32f1xx_hal_i2c.o
 .debug_line    0x000087c0      0xe7c ./Drivers/STM32F1xx_HAL_Driver/Src/stm32f1xx_hal_rcc.o
 .debug_line    0x0000963c     0x34b1 ./Drivers/STM32F1xx_HAL_Driver/Src/stm32f1xx_hal_tim.o
 .debug_line    0x0000caed     0x1887 ./Drivers/STM32F1xx_HAL_Driver/Src/stm32f1xx_hal_tim_ex.o
 .debug_line    0x0000e374     0x24df ./Drivers/STM32F1xx_HAL_Driver/Src/stm32f1xx_hal_uart.o
 .debug_line    0x00010853      0xa43 ./freertos/list.o
 .debug_line    0x00011296     0x1c8d ./freertos/tasks.o
 .debug_line    0x00012f23      0xbef ./freertos/portable/GCC/ARM_CM3/port.o
 .debug_line    0x00013b12      0xc88 ./freertos/portable/MemMang/heap_4.o

.debug_str      0x00000000    0x9369b
 .debug_str     0x00000000    0x9369b ./Core/Src/main.o
                              0x8e0a7 (size before relaxing)
 .debug_str     0x0009369b    0x85ecf ./Core/Src/stm32f1xx_hal_msp.o
 .debug_str     0x0009369b    0x85920 ./Core/Src/stm32f1xx_hal_timebase_tim.o
 .debug_str     0x0009369b    0x8564a ./Core/Src/stm32f1xx_it.o
 .debug_str     0x0009369b    0x85068 ./Core/Src/system_stm32f1xx.o
 .debug_str     0x0009369b       0x5e ./Core/Startup/startup_stm32f103c8tx.o
 .debug_str     0x0009369b    0x8579b ./Drivers/STM32F1xx_HAL_Driver/Src/stm32f1xx_hal.o
 .debug_str     0x0009369b    0x856e7 ./Drivers/STM32F1xx_HAL_Driver/Src/stm32f1xx_hal_cortex.o
 .debug_str     0x0009369b    0x853ee ./Drivers/STM32F1xx_HAL_Driver/Src/stm32f1xx_hal_gpio.o
 .debug_str     0x0009369b    0x8612f ./Drivers/STM32F1xx_HAL_Driver/Src/stm32f1xx_hal_i2c.o
 .debug_str     0x0009369b    0x85497 ./Drivers/STM32F1xx_HAL_Driver/Src/stm32f1xx_hal_rcc.o
 .debug_str     0x0009369b    0x86499 ./Drivers/STM32F1xx_HAL_Driver/Src/stm32f1xx_hal_tim.o
 .debug_str     0x0009369b    0x85ca5 ./Drivers/STM32F1xx_HAL_Driver/Src/stm32f1xx_hal_tim_ex.o
 .debug_str     0x0009369b    0x85b08 ./Drivers/STM32F1xx_HAL_Driver/Src/stm32f1xx_hal_uart.o
 .debug_str     0x0009369b    0x8bd57 ./freertos/list.o
 .debug_str     0x0009369b    0x8f31e ./freertos/tasks.o
 .debug_str     0x0009369b    0x8d935 ./freertos/portable/GCC/ARM_CM3/port.o
 .debug_str     0x0009369b    0x8d659 ./freertos/portable/MemMang/heap_4.o

.comment        0x00000000       0x43
 .comment       0x00000000       0x43 ./Core/Src/main.o
                                 0x44 (size before relaxing)
 .comment       0x00000043       0x44 ./Core/Src/stm32f1xx_hal_msp.o
 .comment       0x00000043       0x44 ./Core/Src/stm32f1xx_hal_timebase_tim.o
 .comment       0x00000043       0x44 ./Core/Src/stm32f1xx_it.o
 .comment       0x00000043       0x44 ./Core/Src/system_stm32f1xx.o
 .comment       0x00000043       0x44 ./Drivers/STM32F1xx_HAL_Driver/Src/stm32f1xx_hal.o
 .comment       0x00000043       0x44 ./Drivers/STM32F1xx_HAL_Driver/Src/stm32f1xx_hal_cortex.o
 .comment       0x00000043       0x44 ./Drivers/STM32F1xx_HAL_Driver/Src/stm32f1xx_hal_gpio.o
 .comment       0x00000043       0x44 ./Drivers/STM32F1xx_HAL_Driver/Src/stm32f1xx_hal_i2c.o
 .comment       0x00000043       0x44 ./Drivers/STM32F1xx_HAL_Driver/Src/stm32f1xx_hal_rcc.o
 .comment       0x00000043       0x44 ./Drivers/STM32F1xx_HAL_Driver/Src/stm32f1xx_hal_tim.o
 .comment       0x00000043       0x44 ./Drivers/STM32F1xx_HAL_Driver/Src/stm32f1xx_hal_tim_ex.o
 .comment       0x00000043       0x44 ./Drivers/STM32F1xx_HAL_Driver/Src/stm32f1xx_hal_uart.o
 .comment       0x00000043       0x44 ./freertos/list.o
 .comment       0x00000043       0x44 ./freertos/tasks.o
 .comment       0x00000043       0x44 ./freertos/portable/GCC/ARM_CM3/port.o
 .comment       0x00000043       0x44 ./freertos/portable/MemMang/heap_4.o

.debug_frame    0x00000000     0x4bac
 .debug_frame   0x00000000      0x250 ./Core/Src/main.o
 .debug_frame   0x00000250      0x138 ./Core/Src/stm32f1xx_hal_msp.o
 .debug_frame   0x00000388       0x74 ./Core/Src/stm32f1xx_hal_timebase_tim.o
 .debug_frame   0x000003fc       0xc4 ./Core/Src/stm32f1xx_it.o
 .debug_frame   0x000004c0       0x58 ./Core/Src/system_stm32f1xx.o
 .debug_frame   0x00000518      0x334 ./Drivers/STM32F1xx_HAL_Driver/Src/stm32f1xx_hal.o
 .debug_frame   0x0000084c      0x428 ./Drivers/STM32F1xx_HAL_Driver/Src/stm32f1xx_hal_cortex.o
 .debug_frame   0x00000c74      0x14c ./Drivers/STM32F1xx_HAL_Driver/Src/stm32f1xx_hal_gpio.o
 .debug_frame   0x00000dc0      0xc84 ./Drivers/STM32F1xx_HAL_Driver/Src/stm32f1xx_hal_i2c.o
 .debug_frame   0x00001a44      0x218 ./Drivers/STM32F1xx_HAL_Driver/Src/stm32f1xx_hal_rcc.o
 .debug_frame   0x00001c5c     0x11b8 ./Drivers/STM32F1xx_HAL_Driver/Src/stm32f1xx_hal_tim.o
 .debug_frame   0x00002e14      0x638 ./Drivers/STM32F1xx_HAL_Driver/Src/stm32f1xx_hal_tim_ex.o
 .debug_frame   0x0000344c      0x944 ./Drivers/STM32F1xx_HAL_Driver/Src/stm32f1xx_hal_uart.o
 .debug_frame   0x00003d90       0xd8 ./freertos/list.o
 .debug_frame   0x00003e68      0x764 ./freertos/tasks.o
 .debug_frame   0x000045cc      0x184 ./freertos/portable/GCC/ARM_CM3/port.o
 .debug_frame   0x00004750      0x12c ./freertos/portable/MemMang/heap_4.o
 .debug_frame   0x0000487c      0x144 C:/ST/STM32CubeIDE_1.18.1/STM32CubeIDE/plugins/com.st.stm32cube.ide.mcu.externaltools.gnu-tools-for-stm32.13.3.rel1.win32_1.0.0.202411081344/tools/bin/../lib/gcc/arm-none-eabi/13.3.1/../../../../arm-none-eabi/lib/thumb/v7-m/nofp\libc_nano.a(libc_a-findfp.o)
 .debug_frame   0x000049c0       0x20 C:/ST/STM32CubeIDE_1.18.1/STM32CubeIDE/plugins/com.st.stm32cube.ide.mcu.externaltools.gnu-tools-for-stm32.13.3.rel1.win32_1.0.0.202411081344/tools/bin/../lib/gcc/arm-none-eabi/13.3.1/../../../../arm-none-eabi/lib/thumb/v7-m/nofp\libc_nano.a(libc_a-memset.o)
 .debug_frame   0x000049e0       0x38 C:/ST/STM32CubeIDE_1.18.1/STM32CubeIDE/plugins/com.st.stm32cube.ide.mcu.externaltools.gnu-tools-for-stm32.13.3.rel1.win32_1.0.0.202411081344/tools/bin/../lib/gcc/arm-none-eabi/13.3.1/../../../../arm-none-eabi/lib/thumb/v7-m/nofp\libc_nano.a(libc_a-reent.o)
 .debug_frame   0x00004a18       0x2c C:/ST/STM32CubeIDE_1.18.1/STM32CubeIDE/plugins/com.st.stm32cube.ide.mcu.externaltools.gnu-tools-for-stm32.13.3.rel1.win32_1.0.0.202411081344/tools/bin/../lib/gcc/arm-none-eabi/13.3.1/../../../../arm-none-eabi/lib/thumb/v7-m/nofp\libc_nano.a(libc_a-init.o)
 .debug_frame   0x00004a44       0xb0 C:/ST/STM32CubeIDE_1.18.1/STM32CubeIDE/plugins/com.st.stm32cube.ide.mcu.externaltools.gnu-tools-for-stm32.13.3.rel1.win32_1.0.0.202411081344/tools/bin/../lib/gcc/arm-none-eabi/13.3.1/../../../../arm-none-eabi/lib/thumb/v7-m/nofp\libc_nano.a(libc_a-lock.o)
 .debug_frame   0x00004af4       0x38 C:/ST/STM32CubeIDE_1.18.1/STM32CubeIDE/plugins/com.st.stm32cube.ide.mcu.externaltools.gnu-tools-for-stm32.13.3.rel1.win32_1.0.0.202411081344/tools/bin/../lib/gcc/arm-none-eabi/13.3.1/../../../../arm-none-eabi/lib/thumb/v7-m/nofp\libc_nano.a(libc_a-freer.o)
 .debug_frame   0x00004b2c       0x50 C:/ST/STM32CubeIDE_1.18.1/STM32CubeIDE/plugins/com.st.stm32cube.ide.mcu.externaltools.gnu-tools-for-stm32.13.3.rel1.win32_1.0.0.202411081344/tools/bin/../lib/gcc/arm-none-eabi/13.3.1/../../../../arm-none-eabi/lib/thumb/v7-m/nofp\libc_nano.a(libc_a-mallocr.o)
 .debug_frame   0x00004b7c       0x30 C:/ST/STM32CubeIDE_1.18.1/STM32CubeIDE/plugins/com.st.stm32cube.ide.mcu.externaltools.gnu-tools-for-stm32.13.3.rel1.win32_1.0.0.202411081344/tools/bin/../lib/gcc/arm-none-eabi/13.3.1/../../../../arm-none-eabi/lib/thumb/v7-m/nofp\libc_nano.a(libc_a-mlock.o)

.debug_line_str
                0x00000000       0x42
 .debug_line_str
                0x00000000       0x42 ./Core/Startup/startup_stm32f103c8tx.o
